// Vitest Snapshot v1, https://vitest.dev/guide/snapshot.html

exports[`RHFSwitch > should match the snapshot 1`] = `
{
  "asFragment": [Function],
  "baseElement": <body>
    <div>
      <div
        class="grid gap-2"
        data-slot="form-item"
      >
        <label
          class="flex items-center gap-2 text-sm leading-none font-medium select-none group-data-[disabled=true]:pointer-events-none group-data-[disabled=true]:opacity-50 peer-disabled:cursor-not-allowed peer-disabled:opacity-50 data-[error=true]:text-destructive"
          data-error="false"
          data-slot="form-label"
          for="«r0»-form-item"
        >
          Name
        </label>
        <p
          class="text-muted-foreground text-xs"
          data-slot="form-description"
          id="«r0»-form-item-description"
        />
        <button
          aria-checked="true"
          aria-describedby="«r0»-form-item-description"
          aria-invalid="false"
          class="peer data-[state=checked]:bg-primary data-[state=unchecked]:bg-input focus-visible:border-ring focus-visible:ring-ring/50 dark:data-[state=unchecked]:bg-input/80 inline-flex h-[1.15rem] w-8 shrink-0 items-center rounded-full border border-transparent shadow-xs transition-all outline-none focus-visible:ring-[3px] disabled:cursor-not-allowed disabled:opacity-50"
          data-slot="form-control"
          data-state="checked"
          id="«r0»-form-item"
          role="switch"
          type="button"
          value="on"
        >
          <span
            class="bg-background dark:data-[state=unchecked]:bg-foreground dark:data-[state=checked]:bg-primary-foreground pointer-events-none block size-4 rounded-full ring-0 transition-transform data-[state=checked]:translate-x-[calc(100%-2px)] data-[state=unchecked]:translate-x-0"
            data-slot="switch-thumb"
            data-state="checked"
          />
        </button>
        <span
          class="block h-3 w-3 relative"
        >
          <span
            class="absolute inline-block h-2 bg-emerald-300 w-2 -top-0.5 rounded-full"
          />
        </span>
      </div>
    </div>
  </body>,
  "container": <div>
    <div
      class="grid gap-2"
      data-slot="form-item"
    >
      <label
        class="flex items-center gap-2 text-sm leading-none font-medium select-none group-data-[disabled=true]:pointer-events-none group-data-[disabled=true]:opacity-50 peer-disabled:cursor-not-allowed peer-disabled:opacity-50 data-[error=true]:text-destructive"
        data-error="false"
        data-slot="form-label"
        for="«r0»-form-item"
      >
        Name
      </label>
      <p
        class="text-muted-foreground text-xs"
        data-slot="form-description"
        id="«r0»-form-item-description"
      />
      <button
        aria-checked="true"
        aria-describedby="«r0»-form-item-description"
        aria-invalid="false"
        class="peer data-[state=checked]:bg-primary data-[state=unchecked]:bg-input focus-visible:border-ring focus-visible:ring-ring/50 dark:data-[state=unchecked]:bg-input/80 inline-flex h-[1.15rem] w-8 shrink-0 items-center rounded-full border border-transparent shadow-xs transition-all outline-none focus-visible:ring-[3px] disabled:cursor-not-allowed disabled:opacity-50"
        data-slot="form-control"
        data-state="checked"
        id="«r0»-form-item"
        role="switch"
        type="button"
        value="on"
      >
        <span
          class="bg-background dark:data-[state=unchecked]:bg-foreground dark:data-[state=checked]:bg-primary-foreground pointer-events-none block size-4 rounded-full ring-0 transition-transform data-[state=checked]:translate-x-[calc(100%-2px)] data-[state=unchecked]:translate-x-0"
          data-slot="switch-thumb"
          data-state="checked"
        />
      </button>
      <span
        class="block h-3 w-3 relative"
      >
        <span
          class="absolute inline-block h-2 bg-emerald-300 w-2 -top-0.5 rounded-full"
        />
      </span>
    </div>
  </div>,
  "debug": [Function],
  "findAllByAltText": [Function],
  "findAllByDisplayValue": [Function],
  "findAllByLabelText": [Function],
  "findAllByPlaceholderText": [Function],
  "findAllByRole": [Function],
  "findAllByTestId": [Function],
  "findAllByText": [Function],
  "findAllByTitle": [Function],
  "findByAltText": [Function],
  "findByDisplayValue": [Function],
  "findByLabelText": [Function],
  "findByPlaceholderText": [Function],
  "findByRole": [Function],
  "findByTestId": [Function],
  "findByText": [Function],
  "findByTitle": [Function],
  "getAllByAltText": [Function],
  "getAllByDisplayValue": [Function],
  "getAllByLabelText": [Function],
  "getAllByPlaceholderText": [Function],
  "getAllByRole": [Function],
  "getAllByTestId": [Function],
  "getAllByText": [Function],
  "getAllByTitle": [Function],
  "getByAltText": [Function],
  "getByDisplayValue": [Function],
  "getByLabelText": [Function],
  "getByPlaceholderText": [Function],
  "getByRole": [Function],
  "getByTestId": [Function],
  "getByText": [Function],
  "getByTitle": [Function],
  "queryAllByAltText": [Function],
  "queryAllByDisplayValue": [Function],
  "queryAllByLabelText": [Function],
  "queryAllByPlaceholderText": [Function],
  "queryAllByRole": [Function],
  "queryAllByTestId": [Function],
  "queryAllByText": [Function],
  "queryAllByTitle": [Function],
  "queryByAltText": [Function],
  "queryByDisplayValue": [Function],
  "queryByLabelText": [Function],
  "queryByPlaceholderText": [Function],
  "queryByRole": [Function],
  "queryByTestId": [Function],
  "queryByText": [Function],
  "queryByTitle": [Function],
  "rerender": [Function],
  "unmount": [Function],
}
`;
